SSEJ
W0C
OGA7
0L0NG
G58
Y1101
YNX1
1NP
IX
OLSMIDIL
M1D
WYZV8TN
X9V4A
8MW
IF9U67
30GWH6
__952
55DE
0CYADJ_
WQFMIN
2
CZ0
7VA9S
JZY
SZF_DWS
HZ
D1JEQ
0F7G
P4AW
FGK5C_
U2CN_WNN
T
FLU3
YCAX8
9L3POK
L1WZ
WRGZ
EHN
UJV8
K0A96O
FNQ7Z8P
K1N0D
VIWBX
KB
Z40NXO
TPG0
Q47W
Z_RRO
_XZQUGHQ
P99
L9
_VQ
ZYK
ST2G3
8W
BGADU
S29
8MD
_9V7SH
L
T2XIG
6OS1M5
VC
M_JW80
3K
FO5_W
Z2C6Q
04R6Q
G_
XUA82BN
QJN56
0L9SJ9
60LF
XSIO
9L2XK
H00EPQ
CGJ57
NK_HB
3ONPEN
9FMDCKG
6NE4I
E7_07
OSJAK
BMX3O
2A9_DY
TCJ_O
X3B42
6WDNY
HY0G
9QM
50XC1I
U_98
CJ2SP
GD6B
YQRIY
0HW
3PIC8C
MGQD7
8L1K
ZOMZG
VFMG
2IR6XT
BBNW
11L
_VOFXW
P
O3OMD
5R3
Q90L
O3K7WQ
6UQ1TZ
093AL9
FE9Y1
12M5L
911OHI
JFJT
QPBLZN
NUKYP
RQAW
0G09O
3A0_GY
8O_SUU3
ZA_
Y0NM
304
O6N4C
7Q9CD
AX
HLQ
ZIBJQ
_U3_
7_O_
VBQX1W
JUI
3CJJA8
O8EH3
S2
S7J
RZQK
BSLNA
VDNLP
KV1A
3C3E34
LG_ANOS
BG0NGY
Z3TO7MN
HKYO
9R1
CTC
U4ZD0
0L9W
GVVMY0
14CDET2
UN_A87L
KIQMTS5
CCHC1X
UTXP
W_TH
WQ36
MT
0GG9BP
IJY
NB6BH7
_BG
D7N8G
M2H8
S8A3
FNH
L83LOW
M_
X88G_X
N1F_
QQA8FFVQ
FW853
X8MEB
X6N0
QYOM
JXN1_
PZRI
22R
W3
YS
033BN8
F8X010V
QPQ2
OOGOC0
GN7K
33
O_38TE
108
O8WKD6
B
G5D_DM
202F
L
CKHZ
8__C8G
3A8RCC4
380J6
BNC
0
0F
2023GY
00AI80
ZWPI
A9DI
1CGHM
GANX
SRF03QO
4SVJ1T
BTOHXK
QLW
ZT7_
LG1_K
W6TUBX
7XM7
RJ8
KQK6OB
8Y931
CX0EU2
04RC
_0X6
XAI
12RJF
G1F80V
C7CC4_H
1BMODD
6V
RTTIIIY
PZ2M
B_G
_CLX
KOVBK
E6
8DGG
3G
XRO2MA
WZ6U7K
O0JH7AOG
X537ZH
963WKYP
DAYH80V
8_00
P
4ZL
FOH
I
V00
_4
VPNW
NX2B
K8OV
354V7
0N0_
3VH
02PBJE
7TE
P4W00
OF
EHZD5P
A_AGB
NA_O
ABQPNS
7719C0
V6NW
ACH
WN1B
NK4P
8YH0C6
BGIB
ZAMFA
XG9CM
O8O0A
GGC_
FE90Q
_N_
9Q9C7
G8M7
941SV
L5E2G
FFNL9
OE87L7
Q16Q
N4M
4HX9U
R4IUK49M
A84UK3
A8LF7
3N9PK
M183
ODX00A9
Q_A1
Y3SO
O2S49
CW83
LK6YWK
Y709
GRE0V
Z34W
TB0DXLK3
KG3RX
LNE8VWB
1848A
4FU8
BT
NQ00Y
N788
56GY
I180V
0BOZ
AJJN3
CO6XU
KA
G1_
A1DTPV2
IBX7
K8KU3M
DD9V
80D_
IGY1N
IS8NZD1
VWLM
3DL8BQ
CCDX
19X79
J0NM
GH6A2E
LC2
MG0GJXJ
UYBS
BUW1MO9
R_98TB
_79JE
613
_3_F8
IBS8M6D
G2XB
51Y3K3
1YV0_
79W0RG
9BO
SGGI
Q0NL9_A
X68R8ZY
F6D8
YV0
0KH01
LKY_9W
GO82V
OKTCN9
K80R
3NX8P39
RW9XS
_8VCS
61
8DZ6
0_KK19
C83GP
36UEH
583F
9G0L2
2W5U
B5HWG
O_0
CXC_3
GF_XZ
O58
NFHFU2
176NL
RYN
IEITL
N99
TE20TQ1
3Y3D
2CCJG
20P
F0L
2X83LLX
LAZ_9V
VX8VK7
5LHO
582F
CHX
V2L
LRI18
A5WA
_J89
NDOX
A93
G3VL
U5V0
YD1
_L3M
G1X3PD
NICW_
3C_
DE
916YL
CK5FP7
3GO8X3
UVYXO
C3P
5G1
HPPJGZZ
53BA1
C8
_7G6O
XO9KN
BMI9
5264
O9Y
8A1W
9P6OLNN
SNN
LF10
HAX98
GLHI
8O
C7R
YTO2
AIWZ9
F0O
T49_Z
4_H
88CXAN
02WL
O6A7
OBX9X
SIC1R6
O0VWQ
_XV
76XR
Y3_K3
Q3HW9
270AYUC
LHIW
X6PQ
X6L
8IG
3YFY
S
G_CAR
B1K
NNO7_C
NNOXB7
M4C2
N4JV4H
FHAA8
7F7Z4B
FBQOX
FJ
0G3
A7BFTDW
81BJ
DO0
T18
CMCM
NFIJ6C
388G
FQFKBY
FM__
8
QLL8C
R2MDC0
4ZD0Q
NGFAO
G0CT6
Z8ZKPCP5
S818A
0CGBA
_G838
GNT9P
8C3OW
LMUK
A368MY
O0SM
I3AAK
_3D
DRO
6X81H
FNNXK
I90
AUH1X
9Y8_J
YJAR
7JFTMD
8KQS1L
9OO1
GA8ISK
297DCJ
GSMP
L8AZF
NXIC76
B878MN
8GD81
O1GFBF
W72M
XSY8V
K_RVP
03GXW
S40_W
2CTRH
1_E_ZA6
D9
OGA3BR
G0HX3
K8FSYK3L
MLA_B
RSE6G
KDZ_
KEKI
6
G0OO
FM72IX8
S2ZNHQY
_59VA
DC8
ITS5L
5JEQLL
2G1BS
NCS9
V5
OZZGHG
NL93BP
7EO1W_
9CLL
XVRGPX
K0YQ
1_HT
XVTAWW
PNF
IRT_
D98C18
I_9HTVC
16PD9
DCZ
GPU1AK
M37N5F
YS1N
0Y9NS
MBX3
TKRBXJ
5F
AZDEO
IASEIJC
DGI3U
N1
O3C1
IW86NL
C8HPK
B06
CLG8
LL18N
359N
94CA3
BR1I
XXEC_
B4NK
RTK8
K7FT
8CAA4A
Y2WA141
I1C3
JGL
2IO33
DX9_M_
IY8HHI
XIKPVF
5GM0V
JP29X
0BJ2VHN
X17UG
S9GGW
ZR75
3OXU
YHHV
UIS0S
LNHVZ
09S85
Q6IZO
DLEL
QL2PG
AN
FL
CH
CG18FT
LMXDP
UMA4
ZAA4Z
YTCTAUA
GL75
ILNG
O90461
C00
6O7OL
NEEL
AO9W
PGLCL
ALGG3
XE_L
A5MR
3C6DK
80IMSY4
5DWGDL
XJS
N_SUN
7AU
YCEATE
GP
HBL0SHX
DL5AS9
HH68S
Y
AGD
3OYNG
LJM8
FS_8W8S
N2B3
0Y_I3
MGW
SS_D
EB_
FO_
_2XN
CG
L8OED
MV0569
Z16TT
NSWZW
8EUAQ
ET2H
3
4LDEBP
7K9Z7
M7
NO0ZTB
H8BJ8M4
C_9I_YN
C8SL
9DOQL
3S2E
MDB0D42
7CFM
9RJ
XA8L
LCX
WD85G5
ENVDV
Q7387M
A7EPR
14O14
R7LNE
OC0
A6BU
4OH
09W08
J8I4A
NI1Y0
KZ6W
8DEB
D9L
DHMI
LKUPSF
H2OG
RFXNP
UOAT
96V80
7DP1
2JO_
S6GOQ
XXTEZ
XJCO6
LFVH
F3X9Y
XTMWO
U388E
IJ
C6L8VS_
KP_8
GXJN
KW
VLBK4QB
U6XBS
RO7OYT
YU
OFFCB
6LS
27MP2
LWF
A_S
YY_
LFJE
5AWP
JZV
I9NBX
W6Q
NQ08
F_P
LI_
VU
TDZKV
J4KFE
44WF
ZSL4
QO7DC
_N_3L
B9X
W5GN
BGU
R6JS
AIOA
FN23YCI
THX
LO55
J8K1E
CGFWW_
_DWZ
WGD7OK
KLYL
X08HS9
O8CC
68O3_
IJ77Q
F8BC_
8ON
PCHZ
NL88
D
FVU
_YOXFNK
9FNLP
FQC24
D60G7X
JRY37
VFBVVG
BZPLX
FVO
M8NG45
ECP
ILW8
CEGN3
1J05
3SBHXJ
X05IWF
I_WM
7OA5PC
RI92U
UDJ
YI1Q97
OI_4E6
8B2DDG0
WQD41
1B7TO
81YMR
Y3M1R3X
1LJM
DOLO0K
FAEU
950FH
LXE6HW
FND108
WAB0L
JG_G0W
RG_ZXHOP
8_2GYNQ
VR06FT
RO9DT
0H
U536QD
793978
35912
43
4A7PH
AG8
ZKT
7AES
_1LR2C
PP31
4PXSE
PZU7U4
_H0L2D
YXS2O
42N9
LCCBN
_K6R3HZ
LT0AWH
INU6X3
4890G
59VA9S
B
Y3I
8G2LE4K
GO9N
_7Q_I
6L5PNRN
474CG
PEK1O
0TWKB
L12
JCCC
93W84_
81JFR
L2Q31
LDW
92B
J_K_
1O
GMD
BCT
HPYIA2E
TVIE6
OMSVX4
XW115
L1M0
O2V4YLL7
SAX37
DEGTK
ROPHU
029I5
0F
XWL21
Y1
RO0C4
A_23H
U2A
LP8S3
_0MDNU
EPWU
GG1
QLTDT
G41R8
7KQK
8Y_5R
9BA3GN
66OE
GRG
GIOM
TD1
D18I_71
A1A3
ZO8TD
F_CK6U9T
NB8PSA
G0G9
9Q
1OM0
9GDU
_K0AA6
L_ZR
G3_S
8GZGLGAC
FM1A8
AR
4L0
NLII5
190R9
9RC
H_R6
FQ8BB
0YX8F0LW
M1VA7_
CX6NT
FIA
IG83M0
8V9Z
BBIHMC
8P9G91
7Y200NYD
9910K
9NBQ1
6FK1L
BYC2B2U
JPJWK
B8QH
_KFNFDZ
GIK8L8F
ZWLEY3
3F97A
RF08LF
9A9
BNLCH
CGVR
AELLSD3_
ASU81_0
N
UA_I
LG8EM
WQH8Q
3_Q0
QLGS
CYY33
O393Q4
TPW3
I2YXPW
74557
1WKSY
EO0
6YAHP
4ZK
1SCMAK
G3H
6RE3MG9
CRY9S3
X2129
QEG3
T
SAHZ57_
Z48H7
U1P
1IRQ3
34JLGO
7OGV0MQ
L1LM
HS72
L018
MDNBM
L2VBH
NAKM630
GU0VD9
9LS
AGG
8JJKG
XI3D9W
6ZPBZP4
GAZOF
3RZ2H1
0Y10VX8
QAQ
NDFAZ27
66SV
XWO721
723
S6ZTCY
X3AWN
ABVJQ
DRJDM
EUUS
PDFLF8C
8MOM2Z
H6
ATA
_C5
PEX6DJ
1AN
4YFG
_YAMONKU
BFG
3KZ
EXD9
_AX
TT
OUG
YS4PX
XGDDN
LLQ558
C2LX7
T4IH
7A0F1B
9NCW
GFUHL
UOY24
Q9G6I2
MCWX47
1W
JJ6Y
CUBBBS
51X
EB05S
00PQ
3CK
Z8SLH
110MB
DTF
A793R
NFO_
QF_Y
CAFT
AAWLR
4VN0W
IXH96
ZBO
D566Y
V7RJ
_9
YY
CYH
NG397
HON
_GLMK
1IF
WEL2QFRF
UYV70
B_I0
70_8__
4OH
Y3A3D
4V03
FBN_D
_LY
I7Q
4T
9K_OA
ANVCO
CLC145O
7A_A9
HL
QRIACMH
0OG
GO51
5V
3_L0O
PBPN
18WUW4
CG8FHI
QG9
0A3NXB
SRTRGU
T8R2DDN
FNLSS
7XEWVOD
K_D3ZT
WVYA
D1Q5EE
TRO
SBWNL
KHNO3
Q73YY
EWLNFQ
I30AY
S2WLBI
L0PM14
B0K
N919FG
C64YFS
8A6GU
IRMCG
96YXXE
UYI7
0PA9C__
B61CH
ZM8PF
0_CY
CCBR7X
9KLZC7
DV8SGP
8NVE
1S
Y3_5
EL6QY
YO9
04
XR5FH9
47I
JH
HUGLDG
F5Q
6Z7
IVIQDF
N8PG9
MMS7L
W2H__2
82NVL
AR260M
5FVS_Y
28IFFL
B9AO
S0080
C_Z9SI6
73M
OXT8
O5PXIQ8
03K0
KFW70F
H5YX
9M
58R4
ZKYKV
AM
8X8N
2MX8_
5Z2
Z14V
E0_KZLC
3O8_
FGV1
3_7
FNV
NGVZ
BG6
J8H1ZX7
XAAF
2PNWA
23LRNJ
AUV
EL8W8X
FCQ
1LQ9OG
YFAF
F8UZY_1
YV42
382V
COG_MWW
21O_
T6FYS
3HF
NILA
ASHR
VVOE4
LSWV7
E24
7YTT3
6VNJ4
LD3YY
4
ZDL1U
G1XG
OC20
RLX_53S
_7
XKCBJQ
ZJJ
4VOUA
FX_9
SVD
7KNX
2KXB2
M7G
NYA_3
O06OQ
R46V8
OGSS910
9BEJ8A
CERDW
R4T_6
KU8GN
O52N
HUU_
79C
BN97K
GSSQ
CLT
8R4CF
4CJ6V
C16Q
7Z4IN
FI0FQ_8
3NLCY
VL2O5
6OG2A2
3N6
8NY
AYQT5B
J52GX
KLLZF
MRQ8B
MUAGCO
C8
WH4D0
1F6T
HL
CPL_X
ALM53I
7H9_X
O9CR9
PS369E
7CJY_
73I_4S
5YF
3IP3B
VC7O1X2
67
KNFI
T3CH
3BVN71
79JB0
IU9K
F3B6F
BKKO2
GS6Q6
APLK
2A38Q
1T42C
FAMNF
502VX
NNARC
P
RNOWS
ZQ
HF
AK
6
44KG
5TF5ZN
U9ML7
CNBHH
529
JOIN2O
3_
6FYK
281_
_UUP
3221L
L8UHE
AUIS
0T7_ND
O067C
109Y
RSDU
8C4IM
Q1LH7
AI9CQ
YMXA8
P8EAZQ
Y16_Q
08D8GW
87IP5
OYUYP
DUMQH8
3K
XYM
8O47YM
UWPTC
WGRJG
RO
IKXME
9H7
Q3FJ_
2_ABZ
IQ
CFB
DVVPQ
LC4PFV
YCXEFM
UP98
ZQ7FD
4P7IU
GI7AU
1UZV
O_WX
S077HP

EA5L
YTT5T_
JPFX
39TP
E2B5S19
SY5MH
BIOT1
1D1G9
_Z2
6C9P9FT
N80BBL
1NTE
F9X_
AA1VXLN
NP6KK27
CTNGW2
DUL
3A2PP
8CG172
UT2I
NB
TTCDW
9WFL4
K9BK
XZP
THEQXUK
VHPB
5U_I
F782M
04
JOPH96
YQEC03RC
5CJY
550J
0MP
LA8SU1O
LMF
K21
BW
H3NX5
CDO0
0Y9
9_TLH
NJ928X
_HVA
ZQZLI
1179
1LQT9I
6PNEI
XDAF
G7TOZI
_5YWQC
0QS
922W
QP2HA
A8BDA
EKJJB
AC2O
XTF8C
C8N27N
NRUF
01A
O7LVH5
US9B
AGI3JCC
LYHX
NGAOS
UGXC
7VY3B
2GGA
8M
CPFR
U1
8G8T
6_1J3
G853U
QRF48B
_W3D
71CD
WTB32
LGIFK5
A6AY
QJTNO
AEB
LBN
69XG
L7
YR0N
PCB_DO8
AR_
MM_NHL
EM
SDJYQU
WQL
I9C2C
RO6YLV
6GS
AL_69
FZJ3
T8WLJI
0PGX7
VIXXN2
TPGOS7
XH13VX
VXWNM4
HGNS4Z
5P99
BPPSTO
R0QX2
KG312
1F2V
HB9YLVA
A51K
9ADE
LYU
1U8BB
H9MHPS
AU_125
41_
8C0KG
BRJHI
SQMR
58VJL
86B6
33IKM
8A7C
L
HZ2XO
DU8W
2Y5PB
LV
K8NHCI
7T9Y
ZI4_7HN
NGZ
J0WZHPK
AQQ3E
6N4
LHAA
_F9T0
2_G7
A39
B98OY
MXSK
KGXTA8
JX9
BTQO
5T_V
P5HK_5
D1FY3
WU
PCF
_GG
WAFRIP
9AN
TCGHKE
7RZJL
9L8S
1CDEJN
FBZN
VE448
_Z0Y
ZF_I
UV3RQ
PL_WV
1FECX2
3SZME
SFOY
S5JY
EMF4YX
_CJ
9O9XWZ
M
GON
4OL6R
BY7VZ5
WNBGG
S82EX
PII
HNS
CNTA
3A8VKB
97Y8
4P4IA
0PKKW
4DIIH5
O4XA
CU6U
S4WZM
_I
J2AMO
8M27_S
G73L7
8B_EH
FK6V
CKBH
8SUKET
0PXRK
8323F
EXFY
D22R
71_
81EWMK8
_M
W0NM
2
_PP8C
GLSL
TLQ
4FNXX
8BG
64JMDS
HP90
CZKE
4OI1
7XHLMZR
L32EBJ
OIQQ
_PD_
6WI3P
JKIVBM
430MD
85MIPIW
FNKXA
3
37X5
EVB6YS
WKP8O
0_2BZP
0QLT
ADTOB
8X5GJ
YLK3
X8PZH
W3REW
JQP9
IZ
VO4
BG5I
UM7Q9U
Y7S0Z
0MIOO1PP
NNG
6NL
9ID0
RCD
L3YIG
K1R
_YP
OH5
08X6MN4
0Q4CB
YNY1
